Traceback (most recent call last):
  File "c:\Users\samis\Desktop\MyBiome\test_llm_output_monitor.py", line 132, in <module>
    test_processing_with_monitoring(num_papers=3)
    ~~~~~~~~~~~~~~~~~~~~~~~~~~~~~~~^^^^^^^^^^^^^^
  File "c:\Users\samis\Desktop\MyBiome\test_llm_output_monitor.py", line 91, in test_processing_with_monitoring
    result = analyzer.process_paper(pmid)
             ^^^^^^^^^^^^^^^^^^^^^^
AttributeError: 'SingleModelAnalyzer' object has no attribute 'process_paper'

============================================================
Testing LLM Processing with Output Monitoring
============================================================

Found 3 papers to test


============================================================
Processing Paper 1/3: PMID 41048887
Title: Therapeutic Plasma Exchange in Patients With Acute Liver Failure: A Pilot Random...
============================================================

ERROR: 'SingleModelAnalyzer' object has no attribute 'process_paper'
